# --transfer_ref=transfer.ref --hostname=test SIS3320
<install host="test">
	<driver name="SIS3320">
		<module name="SIS3320" bus_type="VME" logical_module_number="0">
			<vme></vme>
			<vme_space modifier="0x9" data_width="32" window_size="0x8000000" address="0x8000000"></vme_space>
		</module>
		<module name="SIS3320" bus_type="VME" logical_module_number="1">
			<vme></vme>
			<vme_space modifier="0x9" data_width="32" window_size="0x8100000" address="0x10000000"></vme_space>
		</module>
		<module name="SIS3320" bus_type="VME" logical_module_number="2">
			<vme></vme>
			<vme_space modifier="0x9" data_width="32" window_size="0x8010000" address="0x18000000"></vme_space>
		</module>
		<module name="SIS3320" bus_type="VME" logical_module_number="3">
			<vme></vme>
			<vme_space modifier="0x9" data_width="32" window_size="0x8001000" address="0x20000000"></vme_space>
		</module>
	</driver>
</install>
